// Jest Snapshot v1, https://goo.gl/fbAQLP

exports[`it expect to render Speed component 1`] = `ShallowWrapper {}`;
